// Jest Snapshot v1, https://goo.gl/fbAQLP

exports[`getChildrenItemIds works with multiple IDs 1`] = `
{
  "a": [
    "a-1",
    "a-2",
    "a-3",
    "a-4",
  ],
  "b": [
    "b-1",
  ],
  "b-1": [
    "b-1-1",
  ],
  "b-1-1": [
    "b-1-1-1",
  ],
  "b-1-1-1": [
    "b-1-1-1-1",
  ],
  "b-1-1-1-1": [
    "b-1-1-1-1-1",
  ],
  "b-1-1-1-1-1": [],
  "c": [
    "c-1",
  ],
  "c-1": [
    "c",
  ],
  "d": [
    "d-1",
  ],
}
`;
